running develop
running egg_info
creating floor_cleaner.egg-info
writing floor_cleaner.egg-info/PKG-INFO
writing dependency_links to floor_cleaner.egg-info/dependency_links.txt
writing entry points to floor_cleaner.egg-info/entry_points.txt
writing requirements to floor_cleaner.egg-info/requires.txt
writing top-level names to floor_cleaner.egg-info/top_level.txt
writing manifest file 'floor_cleaner.egg-info/SOURCES.txt'
reading manifest file 'floor_cleaner.egg-info/SOURCES.txt'
writing manifest file 'floor_cleaner.egg-info/SOURCES.txt'
running build_ext
Creating /home/debarghya/floor_cleaner_ws/install/floor_cleaner/lib/python3.10/site-packages/floor-cleaner.egg-link (link to .)
Installing fake_lidar script to /home/debarghya/floor_cleaner_ws/install/floor_cleaner/lib/floor_cleaner
Installing motor_bridge script to /home/debarghya/floor_cleaner_ws/install/floor_cleaner/lib/floor_cleaner

Installed /home/debarghya/floor_cleaner_ws/build/floor_cleaner
running symlink_data
creating /home/debarghya/floor_cleaner_ws/install/floor_cleaner/share/ament_index
creating /home/debarghya/floor_cleaner_ws/install/floor_cleaner/share/ament_index/resource_index
creating /home/debarghya/floor_cleaner_ws/install/floor_cleaner/share/ament_index/resource_index/packages
symbolically linking /home/debarghya/floor_cleaner_ws/build/floor_cleaner/resource/floor_cleaner -> /home/debarghya/floor_cleaner_ws/install/floor_cleaner/share/ament_index/resource_index/packages
symbolically linking /home/debarghya/floor_cleaner_ws/build/floor_cleaner/package.xml -> /home/debarghya/floor_cleaner_ws/install/floor_cleaner/share/floor_cleaner
creating /home/debarghya/floor_cleaner_ws/install/floor_cleaner/share/floor_cleaner/launch
symbolically linking /home/debarghya/floor_cleaner_ws/build/floor_cleaner/launch/robot.launch.py -> /home/debarghya/floor_cleaner_ws/install/floor_cleaner/share/floor_cleaner/launch
symbolically linking /home/debarghya/floor_cleaner_ws/build/floor_cleaner/launch/gazebo.launch.py -> /home/debarghya/floor_cleaner_ws/install/floor_cleaner/share/floor_cleaner/launch
creating /home/debarghya/floor_cleaner_ws/install/floor_cleaner/share/floor_cleaner/urdf
symbolically linking /home/debarghya/floor_cleaner_ws/build/floor_cleaner/urdf/floor_cleaner.urdf -> /home/debarghya/floor_cleaner_ws/install/floor_cleaner/share/floor_cleaner/urdf
creating /home/debarghya/floor_cleaner_ws/install/floor_cleaner/share/floor_cleaner/worlds
symbolically linking /home/debarghya/floor_cleaner_ws/build/floor_cleaner/worlds/floor.world -> /home/debarghya/floor_cleaner_ws/install/floor_cleaner/share/floor_cleaner/worlds
