[0.149s] DEBUG:colcon:Command line arguments: ['/usr/bin/colcon', 'build', '--symlink-install']
[0.149s] DEBUG:colcon:Parsed command line arguments: Namespace(log_base=None, log_level=None, verb_name='build', build_base='build', install_base='install', merge_install=False, symlink_install=True, test_result_base=None, continue_on_error=False, executor='parallel', parallel_workers=20, event_handlers=None, ignore_user_meta=False, metas=['./colcon.meta'], base_paths=['.'], packages_ignore=None, packages_ignore_regex=None, paths=None, packages_up_to=None, packages_up_to_regex=None, packages_above=None, packages_above_and_dependencies=None, packages_above_depth=None, packages_select_by_dep=None, packages_skip_by_dep=None, packages_skip_up_to=None, packages_select_build_failed=False, packages_skip_build_finished=False, packages_select_test_failures=False, packages_skip_test_passed=False, packages_select=None, packages_skip=None, packages_select_regex=None, packages_skip_regex=None, packages_start=None, packages_end=None, allow_overriding=[], cmake_args=None, cmake_target=None, cmake_target_skip_unavailable=False, cmake_clean_cache=False, cmake_clean_first=False, cmake_force_configure=False, ament_cmake_args=None, catkin_cmake_args=None, catkin_skip_building_tests=False, verb_parser=<colcon_defaults.argument_parser.defaults.DefaultArgumentsDecorator object at 0x7c00ae4ee860>, verb_extension=<colcon_core.verb.build.BuildVerb object at 0x7c00ae473eb0>, main=<bound method BuildVerb.main of <colcon_core.verb.build.BuildVerb object at 0x7c00ae473eb0>>)
[0.308s] Level 1:colcon.colcon_core.package_discovery:discover_packages(colcon_meta) check parameters
[0.308s] Level 1:colcon.colcon_core.package_discovery:discover_packages(recursive) check parameters
[0.308s] Level 1:colcon.colcon_core.package_discovery:discover_packages(ignore) check parameters
[0.309s] Level 1:colcon.colcon_core.package_discovery:discover_packages(path) check parameters
[0.309s] Level 1:colcon.colcon_core.package_discovery:discover_packages(colcon_meta) discover
[0.309s] Level 1:colcon.colcon_core.package_discovery:discover_packages(recursive) discover
[0.309s] INFO:colcon.colcon_core.package_discovery:Crawling recursively for packages in '/home/debarghya/floor_cleaner_ws'
[0.309s] Level 1:colcon.colcon_core.package_identification:_identify(.) by extensions ['ignore', 'ignore_ament_install']
[0.309s] Level 1:colcon.colcon_core.package_identification:_identify(.) by extension 'ignore'
[0.309s] Level 1:colcon.colcon_core.package_identification:_identify(.) by extension 'ignore_ament_install'
[0.309s] Level 1:colcon.colcon_core.package_identification:_identify(.) by extensions ['colcon_pkg']
[0.309s] Level 1:colcon.colcon_core.package_identification:_identify(.) by extension 'colcon_pkg'
[0.309s] Level 1:colcon.colcon_core.package_identification:_identify(.) by extensions ['colcon_meta']
[0.309s] Level 1:colcon.colcon_core.package_identification:_identify(.) by extension 'colcon_meta'
[0.309s] Level 1:colcon.colcon_core.package_identification:_identify(.) by extensions ['ros']
[0.309s] Level 1:colcon.colcon_core.package_identification:_identify(.) by extension 'ros'
[0.319s] Level 1:colcon.colcon_core.package_identification:_identify(.) by extensions ['cmake', 'python']
[0.319s] Level 1:colcon.colcon_core.package_identification:_identify(.) by extension 'cmake'
[0.319s] Level 1:colcon.colcon_core.package_identification:_identify(.) by extension 'python'
[0.319s] Level 1:colcon.colcon_core.package_identification:_identify(.) by extensions ['python_setup_py']
[0.319s] Level 1:colcon.colcon_core.package_identification:_identify(.) by extension 'python_setup_py'
[0.319s] Level 1:colcon.colcon_core.package_identification:_identify(build) by extensions ['ignore', 'ignore_ament_install']
[0.319s] Level 1:colcon.colcon_core.package_identification:_identify(build) by extension 'ignore'
[0.319s] Level 1:colcon.colcon_core.package_identification:_identify(build) ignored
[0.319s] Level 1:colcon.colcon_core.package_identification:_identify(install) by extensions ['ignore', 'ignore_ament_install']
[0.319s] Level 1:colcon.colcon_core.package_identification:_identify(install) by extension 'ignore'
[0.319s] Level 1:colcon.colcon_core.package_identification:_identify(install) ignored
[0.319s] Level 1:colcon.colcon_core.package_identification:_identify(log) by extensions ['ignore', 'ignore_ament_install']
[0.319s] Level 1:colcon.colcon_core.package_identification:_identify(log) by extension 'ignore'
[0.319s] Level 1:colcon.colcon_core.package_identification:_identify(log) ignored
[0.319s] Level 1:colcon.colcon_core.package_identification:_identify(src) by extensions ['ignore', 'ignore_ament_install']
[0.320s] Level 1:colcon.colcon_core.package_identification:_identify(src) by extension 'ignore'
[0.320s] Level 1:colcon.colcon_core.package_identification:_identify(src) by extension 'ignore_ament_install'
[0.320s] Level 1:colcon.colcon_core.package_identification:_identify(src) by extensions ['colcon_pkg']
[0.320s] Level 1:colcon.colcon_core.package_identification:_identify(src) by extension 'colcon_pkg'
[0.320s] Level 1:colcon.colcon_core.package_identification:_identify(src) by extensions ['colcon_meta']
[0.320s] Level 1:colcon.colcon_core.package_identification:_identify(src) by extension 'colcon_meta'
[0.320s] Level 1:colcon.colcon_core.package_identification:_identify(src) by extensions ['ros']
[0.320s] Level 1:colcon.colcon_core.package_identification:_identify(src) by extension 'ros'
[0.320s] Level 1:colcon.colcon_core.package_identification:_identify(src) by extensions ['cmake', 'python']
[0.320s] Level 1:colcon.colcon_core.package_identification:_identify(src) by extension 'cmake'
[0.320s] Level 1:colcon.colcon_core.package_identification:_identify(src) by extension 'python'
[0.320s] Level 1:colcon.colcon_core.package_identification:_identify(src) by extensions ['python_setup_py']
[0.320s] Level 1:colcon.colcon_core.package_identification:_identify(src) by extension 'python_setup_py'
[0.320s] Level 1:colcon.colcon_core.package_identification:_identify(src/floor_cleaner) by extensions ['ignore', 'ignore_ament_install']
[0.320s] Level 1:colcon.colcon_core.package_identification:_identify(src/floor_cleaner) by extension 'ignore'
[0.320s] Level 1:colcon.colcon_core.package_identification:_identify(src/floor_cleaner) by extension 'ignore_ament_install'
[0.320s] Level 1:colcon.colcon_core.package_identification:_identify(src/floor_cleaner) by extensions ['colcon_pkg']
[0.320s] Level 1:colcon.colcon_core.package_identification:_identify(src/floor_cleaner) by extension 'colcon_pkg'
[0.320s] Level 1:colcon.colcon_core.package_identification:_identify(src/floor_cleaner) by extensions ['colcon_meta']
[0.320s] Level 1:colcon.colcon_core.package_identification:_identify(src/floor_cleaner) by extension 'colcon_meta'
[0.320s] Level 1:colcon.colcon_core.package_identification:_identify(src/floor_cleaner) by extensions ['ros']
[0.320s] Level 1:colcon.colcon_core.package_identification:_identify(src/floor_cleaner) by extension 'ros'
[0.323s] DEBUG:colcon.colcon_core.package_identification:Package 'src/floor_cleaner' with type 'ros.ament_python' and name 'floor_cleaner'
[0.324s] Level 1:colcon.colcon_core.package_discovery:discover_packages(recursive) using defaults
[0.324s] Level 1:colcon.colcon_core.package_discovery:discover_packages(ignore) discover
[0.324s] Level 1:colcon.colcon_core.package_discovery:discover_packages(ignore) using defaults
[0.324s] Level 1:colcon.colcon_core.package_discovery:discover_packages(path) discover
[0.324s] Level 1:colcon.colcon_core.package_discovery:discover_packages(path) using defaults
[0.345s] Level 1:colcon.colcon_core.package_discovery:discover_packages(prefix_path) check parameters
[0.345s] Level 1:colcon.colcon_core.package_discovery:discover_packages(prefix_path) discover
[0.346s] Level 1:colcon.colcon_core.package_discovery:discover_packages(prefix_path) using defaults
[0.347s] Level 5:colcon.colcon_core.verb:set package 'floor_cleaner' build argument 'cmake_args' from command line to 'None'
[0.347s] Level 5:colcon.colcon_core.verb:set package 'floor_cleaner' build argument 'cmake_target' from command line to 'None'
[0.347s] Level 5:colcon.colcon_core.verb:set package 'floor_cleaner' build argument 'cmake_target_skip_unavailable' from command line to 'False'
[0.347s] Level 5:colcon.colcon_core.verb:set package 'floor_cleaner' build argument 'cmake_clean_cache' from command line to 'False'
[0.347s] Level 5:colcon.colcon_core.verb:set package 'floor_cleaner' build argument 'cmake_clean_first' from command line to 'False'
[0.347s] Level 5:colcon.colcon_core.verb:set package 'floor_cleaner' build argument 'cmake_force_configure' from command line to 'False'
[0.347s] Level 5:colcon.colcon_core.verb:set package 'floor_cleaner' build argument 'ament_cmake_args' from command line to 'None'
[0.347s] Level 5:colcon.colcon_core.verb:set package 'floor_cleaner' build argument 'catkin_cmake_args' from command line to 'None'
[0.347s] Level 5:colcon.colcon_core.verb:set package 'floor_cleaner' build argument 'catkin_skip_building_tests' from command line to 'False'
[0.347s] DEBUG:colcon.colcon_core.verb:Building package 'floor_cleaner' with the following arguments: {'ament_cmake_args': None, 'build_base': '/home/debarghya/floor_cleaner_ws/build/floor_cleaner', 'catkin_cmake_args': None, 'catkin_skip_building_tests': False, 'cmake_args': None, 'cmake_clean_cache': False, 'cmake_clean_first': False, 'cmake_force_configure': False, 'cmake_target': None, 'cmake_target_skip_unavailable': False, 'install_base': '/home/debarghya/floor_cleaner_ws/install/floor_cleaner', 'merge_install': False, 'path': '/home/debarghya/floor_cleaner_ws/src/floor_cleaner', 'symlink_install': True, 'test_result_base': None}
[0.347s] INFO:colcon.colcon_core.executor:Executing jobs using 'parallel' executor
[0.348s] DEBUG:colcon.colcon_parallel_executor.executor.parallel:run_until_complete
[0.348s] INFO:colcon.colcon_ros.task.ament_python.build:Building ROS package in '/home/debarghya/floor_cleaner_ws/src/floor_cleaner' with build type 'ament_python'
[0.348s] Level 1:colcon.colcon_core.shell:create_environment_hook('floor_cleaner', 'ament_prefix_path')
[0.351s] INFO:colcon.colcon_core.plugin_system:Skipping extension 'colcon_core.shell.bat': Not used on non-Windows systems
[0.351s] INFO:colcon.colcon_core.shell:Creating environment hook '/home/debarghya/floor_cleaner_ws/install/floor_cleaner/share/floor_cleaner/hook/ament_prefix_path.ps1'
[0.352s] INFO:colcon.colcon_core.shell:Creating environment descriptor '/home/debarghya/floor_cleaner_ws/install/floor_cleaner/share/floor_cleaner/hook/ament_prefix_path.dsv'
[0.353s] INFO:colcon.colcon_core.shell:Creating environment hook '/home/debarghya/floor_cleaner_ws/install/floor_cleaner/share/floor_cleaner/hook/ament_prefix_path.sh'
[0.353s] INFO:colcon.colcon_core.shell:Skip shell extension 'powershell' for command environment: Not usable outside of PowerShell
[0.353s] DEBUG:colcon.colcon_core.shell:Skip shell extension 'dsv' for command environment
[0.461s] INFO:colcon.colcon_core.task.python.build:Building Python package in '/home/debarghya/floor_cleaner_ws/src/floor_cleaner'
[0.461s] INFO:colcon.colcon_core.shell:Skip shell extension 'powershell' for command environment: Not usable outside of PowerShell
[0.462s] DEBUG:colcon.colcon_core.shell:Skip shell extension 'dsv' for command environment
[0.723s] DEBUG:colcon.colcon_core.task.python.build:Available setuptools commands: update_catalog, easy_install, egg_info, setopt, saveopts, upload_docs, develop, clean, build_py, build_clib, bdist_dumb, init_catalog, install_scripts, symlink_data, alias, extract_messages, build_ext, compile_catalog, install_data, dist_info, bdist_rpm, install, build_scripts, build, sdist, install_headers, check, bdist_egg, install_egg_info, test, rotate, register, bdist, upload, install_lib
[0.841s] DEBUG:colcon.colcon_core.task.python.build:Available setuptools 'develop' options: --find-links, --help, --multi-version, --exclude-scripts, --always-unzip, --index-url, --site-dirs, --local-snapshots-ok, --user, --install-dir, --upgrade, --always-copy, --quiet, --build-directory, --optimize, --dry-run, --no-user-cfg, --script-dir, --allow-hosts, --prefix, --install-layout, --uninstall, --record, --zip-ok, --no-deps, --editable, --verbose, --force-installation-into-system-dir, --egg-path, --version, --no-find-links
[0.846s] DEBUG:colcon.colcon_core.event_handler.log_command:Invoking command in '/home/debarghya/floor_cleaner_ws/build/floor_cleaner': PYTHONPATH=/home/debarghya/floor_cleaner_ws/build/floor_cleaner/prefix_override:/usr/lib/python3/dist-packages/colcon_core/task/python/colcon_distutils_commands:/home/debarghya/floor_cleaner_ws/install/floor_cleaner/lib/python3.10/site-packages: /usr/bin/python3 -W ignore:setup.py install is deprecated -W ignore:easy_install command is deprecated setup.py develop --editable --build-directory /home/debarghya/floor_cleaner_ws/build/floor_cleaner/build --no-deps symlink_data
[1.008s] Level 1:colcon.colcon_core.shell:create_environment_hook('floor_cleaner', 'pythonpath_develop')
[1.008s] DEBUG:colcon.colcon_core.event_handler.log_command:Invoked command in '/home/debarghya/floor_cleaner_ws/build/floor_cleaner' returned '0': PYTHONPATH=/home/debarghya/floor_cleaner_ws/build/floor_cleaner/prefix_override:/usr/lib/python3/dist-packages/colcon_core/task/python/colcon_distutils_commands:/home/debarghya/floor_cleaner_ws/install/floor_cleaner/lib/python3.10/site-packages: /usr/bin/python3 -W ignore:setup.py install is deprecated -W ignore:easy_install command is deprecated setup.py develop --editable --build-directory /home/debarghya/floor_cleaner_ws/build/floor_cleaner/build --no-deps symlink_data
[1.009s] INFO:colcon.colcon_core.shell:Creating environment hook '/home/debarghya/floor_cleaner_ws/build/floor_cleaner/share/floor_cleaner/hook/pythonpath_develop.ps1'
[1.009s] INFO:colcon.colcon_core.shell:Creating environment descriptor '/home/debarghya/floor_cleaner_ws/build/floor_cleaner/share/floor_cleaner/hook/pythonpath_develop.dsv'
[1.010s] INFO:colcon.colcon_core.shell:Creating environment hook '/home/debarghya/floor_cleaner_ws/build/floor_cleaner/share/floor_cleaner/hook/pythonpath_develop.sh'
[1.013s] Level 1:colcon.colcon_core.environment:checking '/home/debarghya/floor_cleaner_ws/install/floor_cleaner' for CMake module files
[1.014s] Level 1:colcon.colcon_core.environment:checking '/home/debarghya/floor_cleaner_ws/install/floor_cleaner' for CMake config files
[1.014s] Level 1:colcon.colcon_core.environment:checking '/home/debarghya/floor_cleaner_ws/install/floor_cleaner/lib'
[1.014s] Level 1:colcon.colcon_core.environment:checking '/home/debarghya/floor_cleaner_ws/install/floor_cleaner/bin'
[1.014s] Level 1:colcon.colcon_core.environment:checking '/home/debarghya/floor_cleaner_ws/install/floor_cleaner/lib/pkgconfig/floor_cleaner.pc'
[1.014s] Level 1:colcon.colcon_core.environment:checking '/home/debarghya/floor_cleaner_ws/install/floor_cleaner/lib/python3.10/site-packages'
[1.014s] Level 1:colcon.colcon_core.shell:create_environment_hook('floor_cleaner', 'pythonpath')
[1.015s] INFO:colcon.colcon_core.shell:Creating environment hook '/home/debarghya/floor_cleaner_ws/install/floor_cleaner/share/floor_cleaner/hook/pythonpath.ps1'
[1.015s] INFO:colcon.colcon_core.shell:Creating environment descriptor '/home/debarghya/floor_cleaner_ws/install/floor_cleaner/share/floor_cleaner/hook/pythonpath.dsv'
[1.015s] INFO:colcon.colcon_core.shell:Creating environment hook '/home/debarghya/floor_cleaner_ws/install/floor_cleaner/share/floor_cleaner/hook/pythonpath.sh'
[1.015s] Level 1:colcon.colcon_core.environment:checking '/home/debarghya/floor_cleaner_ws/install/floor_cleaner/bin'
[1.015s] Level 1:colcon.colcon_core.environment:create_environment_scripts_only(floor_cleaner)
[1.016s] INFO:colcon.colcon_core.shell:Creating package script '/home/debarghya/floor_cleaner_ws/install/floor_cleaner/share/floor_cleaner/package.ps1'
[1.016s] INFO:colcon.colcon_core.shell:Creating package descriptor '/home/debarghya/floor_cleaner_ws/install/floor_cleaner/share/floor_cleaner/package.dsv'
[1.017s] INFO:colcon.colcon_core.shell:Creating package script '/home/debarghya/floor_cleaner_ws/install/floor_cleaner/share/floor_cleaner/package.sh'
[1.017s] INFO:colcon.colcon_core.shell:Creating package script '/home/debarghya/floor_cleaner_ws/install/floor_cleaner/share/floor_cleaner/package.bash'
[1.018s] INFO:colcon.colcon_core.shell:Creating package script '/home/debarghya/floor_cleaner_ws/install/floor_cleaner/share/floor_cleaner/package.zsh'
[1.018s] Level 1:colcon.colcon_core.environment:create_file_with_runtime_dependencies(/home/debarghya/floor_cleaner_ws/install/floor_cleaner/share/colcon-core/packages/floor_cleaner)
[1.019s] DEBUG:colcon.colcon_parallel_executor.executor.parallel:closing loop
[1.019s] DEBUG:colcon.colcon_parallel_executor.executor.parallel:loop closed
[1.019s] DEBUG:colcon.colcon_parallel_executor.executor.parallel:run_until_complete finished with '0'
[1.019s] DEBUG:colcon.colcon_core.event_reactor:joining thread
[1.037s] INFO:colcon.colcon_core.plugin_system:Skipping extension 'colcon_notification.desktop_notification.notify_send': Could not find 'notify-send'
[1.037s] INFO:colcon.colcon_core.plugin_system:Skipping extension 'colcon_notification.desktop_notification.terminal_notifier': Not used on non-Darwin systems
[1.037s] INFO:colcon.colcon_core.plugin_system:Skipping extension 'colcon_notification.desktop_notification.win32': Not used on non-Windows systems
[1.037s] INFO:colcon.colcon_notification.desktop_notification:Sending desktop notification using 'notify2'
[1.037s] DEBUG:colcon.colcon_notification.desktop_notification.notify2:Failed to initialize notify2: org.freedesktop.DBus.Error.FileNotFound: Failed to connect to socket /run/user/1000/bus: No such file or directory
[1.037s] DEBUG:colcon.colcon_core.event_reactor:joined thread
[1.038s] INFO:colcon.colcon_core.shell:Creating prefix script '/home/debarghya/floor_cleaner_ws/install/local_setup.ps1'
[1.038s] INFO:colcon.colcon_core.shell:Creating prefix util module '/home/debarghya/floor_cleaner_ws/install/_local_setup_util_ps1.py'
[1.039s] INFO:colcon.colcon_core.shell:Creating prefix chain script '/home/debarghya/floor_cleaner_ws/install/setup.ps1'
[1.040s] INFO:colcon.colcon_core.shell:Creating prefix script '/home/debarghya/floor_cleaner_ws/install/local_setup.sh'
[1.041s] INFO:colcon.colcon_core.shell:Creating prefix util module '/home/debarghya/floor_cleaner_ws/install/_local_setup_util_sh.py'
[1.041s] INFO:colcon.colcon_core.shell:Creating prefix chain script '/home/debarghya/floor_cleaner_ws/install/setup.sh'
[1.042s] INFO:colcon.colcon_core.shell:Creating prefix script '/home/debarghya/floor_cleaner_ws/install/local_setup.bash'
[1.042s] INFO:colcon.colcon_core.shell:Creating prefix chain script '/home/debarghya/floor_cleaner_ws/install/setup.bash'
[1.043s] INFO:colcon.colcon_core.shell:Creating prefix script '/home/debarghya/floor_cleaner_ws/install/local_setup.zsh'
[1.043s] INFO:colcon.colcon_core.shell:Creating prefix chain script '/home/debarghya/floor_cleaner_ws/install/setup.zsh'
