[0.013s] Invoking command in '/home/debarghya/floor_cleaner_ws/floor_cleaner_ws/build/floor_cleaner': CMAKE_PREFIX_PATH=${CMAKE_PREFIX_PATH}:/opt/ros/humble /usr/bin/cmake /home/debarghya/floor_cleaner_ws/floor_cleaner_ws/src/floor_cleaner -DAMENT_CMAKE_SYMLINK_INSTALL=1 -DCMAKE_INSTALL_PREFIX=/home/debarghya/floor_cleaner_ws/floor_cleaner_ws/install/floor_cleaner
[0.195s] -- The C compiler identification is GNU 11.4.0
[0.400s] -- The CXX compiler identification is GNU 11.4.0
[0.495s] -- Detecting C compiler ABI info
[0.565s] -- Detecting C compiler ABI info - done
[0.569s] -- Check for working C compiler: /usr/bin/cc - skipped
[0.569s] -- Detecting C compile features
[0.570s] -- Detecting C compile features - done
[0.573s] -- Detecting CXX compiler ABI info
[0.646s] -- Detecting CXX compiler ABI info - done
[0.650s] -- Check for working CXX compiler: /usr/bin/c++ - skipped
[0.650s] -- Detecting CXX compile features
[0.651s] -- Detecting CXX compile features - done
[0.664s] -- Found ament_cmake: 1.3.14 (/opt/ros/humble/share/ament_cmake/cmake)
[0.757s] -- Found Python3: /usr/bin/python3 (found version "3.10.12") found components: Interpreter 
[0.802s] -- Override CMake install command with custom implementation using symlinks instead of copying resources
[0.867s] -- Configuring done
[0.869s] -- Generating done
[0.870s] -- Build files have been written to: /home/debarghya/floor_cleaner_ws/floor_cleaner_ws/build/floor_cleaner
[0.873s] Invoked command in '/home/debarghya/floor_cleaner_ws/floor_cleaner_ws/build/floor_cleaner' returned '0': CMAKE_PREFIX_PATH=${CMAKE_PREFIX_PATH}:/opt/ros/humble /usr/bin/cmake /home/debarghya/floor_cleaner_ws/floor_cleaner_ws/src/floor_cleaner -DAMENT_CMAKE_SYMLINK_INSTALL=1 -DCMAKE_INSTALL_PREFIX=/home/debarghya/floor_cleaner_ws/floor_cleaner_ws/install/floor_cleaner
[0.874s] Invoking command in '/home/debarghya/floor_cleaner_ws/floor_cleaner_ws/build/floor_cleaner': CMAKE_PREFIX_PATH=${CMAKE_PREFIX_PATH}:/opt/ros/humble /usr/bin/cmake --build /home/debarghya/floor_cleaner_ws/floor_cleaner_ws/build/floor_cleaner -- -j20 -l20
[0.892s] Invoked command in '/home/debarghya/floor_cleaner_ws/floor_cleaner_ws/build/floor_cleaner' returned '0': CMAKE_PREFIX_PATH=${CMAKE_PREFIX_PATH}:/opt/ros/humble /usr/bin/cmake --build /home/debarghya/floor_cleaner_ws/floor_cleaner_ws/build/floor_cleaner -- -j20 -l20
[0.896s] Invoking command in '/home/debarghya/floor_cleaner_ws/floor_cleaner_ws/build/floor_cleaner': CMAKE_PREFIX_PATH=${CMAKE_PREFIX_PATH}:/opt/ros/humble /usr/bin/cmake --install /home/debarghya/floor_cleaner_ws/floor_cleaner_ws/build/floor_cleaner
[0.899s] -- Install configuration: ""
[0.900s] -- Execute custom install script
[0.901s] -- Symlinking: /home/debarghya/floor_cleaner_ws/floor_cleaner_ws/install/floor_cleaner/share/floor_cleaner/launch/cleaning.launch.py
[0.905s] -- Symlinking: /home/debarghya/floor_cleaner_ws/floor_cleaner_ws/install/floor_cleaner/share/floor_cleaner/launch/full_system.launch.py
[0.909s] -- Symlinking: /home/debarghya/floor_cleaner_ws/floor_cleaner_ws/install/floor_cleaner/share/floor_cleaner/launch/navigation.launch.py
[0.913s] -- Symlinking: /home/debarghya/floor_cleaner_ws/floor_cleaner_ws/install/floor_cleaner/share/floor_cleaner/launch/simulation.launch.py
[0.918s] -- Symlinking: /home/debarghya/floor_cleaner_ws/floor_cleaner_ws/install/floor_cleaner/share/floor_cleaner/launch/slam.launch.py
[0.922s] -- Symlinking: /home/debarghya/floor_cleaner_ws/floor_cleaner_ws/install/floor_cleaner/share/floor_cleaner/urdf/floor_cleaner.urdf.xacro
[0.926s] -- Symlinking: /home/debarghya/floor_cleaner_ws/floor_cleaner_ws/install/floor_cleaner/share/floor_cleaner/urdf/gazebo_control.xacro
[0.930s] -- Symlinking: /home/debarghya/floor_cleaner_ws/floor_cleaner_ws/install/floor_cleaner/share/floor_cleaner/urdf/inertial_macros.xacro
[0.934s] -- Symlinking: /home/debarghya/floor_cleaner_ws/floor_cleaner_ws/install/floor_cleaner/share/floor_cleaner/urdf/lidar.xacro
[0.938s] -- Symlinking: /home/debarghya/floor_cleaner_ws/floor_cleaner_ws/install/floor_cleaner/share/floor_cleaner/urdf/materials.xacro
[0.943s] -- Symlinking: /home/debarghya/floor_cleaner_ws/floor_cleaner_ws/install/floor_cleaner/share/floor_cleaner/worlds/floor_cleaner_world.world
[0.948s] -- Symlinking: /home/debarghya/floor_cleaner_ws/floor_cleaner_ws/install/floor_cleaner/share/floor_cleaner/config/cleaning_pattern.yaml
[0.953s] -- Symlinking: /home/debarghya/floor_cleaner_ws/floor_cleaner_ws/install/floor_cleaner/share/floor_cleaner/config/nav2_params.yaml
[0.957s] -- Symlinking: /home/debarghya/floor_cleaner_ws/floor_cleaner_ws/install/floor_cleaner/share/floor_cleaner/config/slam_toolbox.yaml
[0.961s] -- Symlinking: /home/debarghya/floor_cleaner_ws/floor_cleaner_ws/install/floor_cleaner/share/floor_cleaner/rviz/floor_cleaner.rviz
[0.966s] -- Symlinking: /home/debarghya/floor_cleaner_ws/floor_cleaner_ws/install/floor_cleaner/share/floor_cleaner/maps/README.md
[0.970s] -- Symlinking: /home/debarghya/floor_cleaner_ws/floor_cleaner_ws/install/floor_cleaner/lib/floor_cleaner/cleaning_pattern_node.py
[0.974s] -- Symlinking: /home/debarghya/floor_cleaner_ws/floor_cleaner_ws/install/floor_cleaner/share/ament_index/resource_index/package_run_dependencies/floor_cleaner
[0.978s] -- Symlinking: /home/debarghya/floor_cleaner_ws/floor_cleaner_ws/install/floor_cleaner/share/ament_index/resource_index/parent_prefix_path/floor_cleaner
[0.982s] -- Symlinking: /home/debarghya/floor_cleaner_ws/floor_cleaner_ws/install/floor_cleaner/share/floor_cleaner/environment/ament_prefix_path.sh
[0.986s] -- Symlinking: /home/debarghya/floor_cleaner_ws/floor_cleaner_ws/install/floor_cleaner/share/floor_cleaner/environment/ament_prefix_path.dsv
[0.990s] -- Symlinking: /home/debarghya/floor_cleaner_ws/floor_cleaner_ws/install/floor_cleaner/share/floor_cleaner/environment/path.sh
[0.994s] -- Symlinking: /home/debarghya/floor_cleaner_ws/floor_cleaner_ws/install/floor_cleaner/share/floor_cleaner/environment/path.dsv
[0.998s] -- Symlinking: /home/debarghya/floor_cleaner_ws/floor_cleaner_ws/install/floor_cleaner/share/floor_cleaner/local_setup.bash
[1.002s] -- Symlinking: /home/debarghya/floor_cleaner_ws/floor_cleaner_ws/install/floor_cleaner/share/floor_cleaner/local_setup.sh
[1.006s] -- Symlinking: /home/debarghya/floor_cleaner_ws/floor_cleaner_ws/install/floor_cleaner/share/floor_cleaner/local_setup.zsh
[1.010s] -- Symlinking: /home/debarghya/floor_cleaner_ws/floor_cleaner_ws/install/floor_cleaner/share/floor_cleaner/local_setup.dsv
[1.015s] -- Symlinking: /home/debarghya/floor_cleaner_ws/floor_cleaner_ws/install/floor_cleaner/share/floor_cleaner/package.dsv
[1.019s] -- Symlinking: /home/debarghya/floor_cleaner_ws/floor_cleaner_ws/install/floor_cleaner/share/ament_index/resource_index/packages/floor_cleaner
[1.023s] -- Symlinking: /home/debarghya/floor_cleaner_ws/floor_cleaner_ws/install/floor_cleaner/share/floor_cleaner/cmake/floor_cleanerConfig.cmake
[1.027s] -- Symlinking: /home/debarghya/floor_cleaner_ws/floor_cleaner_ws/install/floor_cleaner/share/floor_cleaner/cmake/floor_cleanerConfig-version.cmake
[1.031s] -- Symlinking: /home/debarghya/floor_cleaner_ws/floor_cleaner_ws/install/floor_cleaner/share/floor_cleaner/package.xml
[1.036s] Invoked command in '/home/debarghya/floor_cleaner_ws/floor_cleaner_ws/build/floor_cleaner' returned '0': CMAKE_PREFIX_PATH=${CMAKE_PREFIX_PATH}:/opt/ros/humble /usr/bin/cmake --install /home/debarghya/floor_cleaner_ws/floor_cleaner_ws/build/floor_cleaner
