[0.072s] DEBUG:colcon:Command line arguments: ['/usr/bin/colcon', 'build', '--symlink-install']
[0.072s] DEBUG:colcon:Parsed command line arguments: Namespace(log_base=None, log_level=None, verb_name='build', build_base='build', install_base='install', merge_install=False, symlink_install=True, test_result_base=None, continue_on_error=False, executor='parallel', parallel_workers=20, event_handlers=None, ignore_user_meta=False, metas=['./colcon.meta'], base_paths=['.'], packages_ignore=None, packages_ignore_regex=None, paths=None, packages_up_to=None, packages_up_to_regex=None, packages_above=None, packages_above_and_dependencies=None, packages_above_depth=None, packages_select_by_dep=None, packages_skip_by_dep=None, packages_skip_up_to=None, packages_select_build_failed=False, packages_skip_build_finished=False, packages_select_test_failures=False, packages_skip_test_passed=False, packages_select=None, packages_skip=None, packages_select_regex=None, packages_skip_regex=None, packages_start=None, packages_end=None, allow_overriding=[], cmake_args=None, cmake_target=None, cmake_target_skip_unavailable=False, cmake_clean_cache=False, cmake_clean_first=False, cmake_force_configure=False, ament_cmake_args=None, catkin_cmake_args=None, catkin_skip_building_tests=False, verb_parser=<colcon_defaults.argument_parser.defaults.DefaultArgumentsDecorator object at 0x7c720cf179d0>, verb_extension=<colcon_core.verb.build.BuildVerb object at 0x7c720d0ad060>, main=<bound method BuildVerb.main of <colcon_core.verb.build.BuildVerb object at 0x7c720d0ad060>>)
[0.144s] Level 1:colcon.colcon_core.package_discovery:discover_packages(colcon_meta) check parameters
[0.145s] Level 1:colcon.colcon_core.package_discovery:discover_packages(recursive) check parameters
[0.145s] Level 1:colcon.colcon_core.package_discovery:discover_packages(ignore) check parameters
[0.145s] Level 1:colcon.colcon_core.package_discovery:discover_packages(path) check parameters
[0.145s] Level 1:colcon.colcon_core.package_discovery:discover_packages(colcon_meta) discover
[0.145s] Level 1:colcon.colcon_core.package_discovery:discover_packages(recursive) discover
[0.145s] INFO:colcon.colcon_core.package_discovery:Crawling recursively for packages in '/home/debarghya/floor_cleaner_ws'
[0.145s] Level 1:colcon.colcon_core.package_identification:_identify(.) by extensions ['ignore', 'ignore_ament_install']
[0.145s] Level 1:colcon.colcon_core.package_identification:_identify(.) by extension 'ignore'
[0.145s] Level 1:colcon.colcon_core.package_identification:_identify(.) by extension 'ignore_ament_install'
[0.145s] Level 1:colcon.colcon_core.package_identification:_identify(.) by extensions ['colcon_pkg']
[0.145s] Level 1:colcon.colcon_core.package_identification:_identify(.) by extension 'colcon_pkg'
[0.145s] Level 1:colcon.colcon_core.package_identification:_identify(.) by extensions ['colcon_meta']
[0.145s] Level 1:colcon.colcon_core.package_identification:_identify(.) by extension 'colcon_meta'
[0.145s] Level 1:colcon.colcon_core.package_identification:_identify(.) by extensions ['ros']
[0.145s] Level 1:colcon.colcon_core.package_identification:_identify(.) by extension 'ros'
[0.151s] Level 1:colcon.colcon_core.package_identification:_identify(.) by extensions ['cmake', 'python']
[0.151s] Level 1:colcon.colcon_core.package_identification:_identify(.) by extension 'cmake'
[0.151s] Level 1:colcon.colcon_core.package_identification:_identify(.) by extension 'python'
[0.151s] Level 1:colcon.colcon_core.package_identification:_identify(.) by extensions ['python_setup_py']
[0.151s] Level 1:colcon.colcon_core.package_identification:_identify(.) by extension 'python_setup_py'
[0.151s] Level 1:colcon.colcon_core.package_identification:_identify(build) by extensions ['ignore', 'ignore_ament_install']
[0.151s] Level 1:colcon.colcon_core.package_identification:_identify(build) by extension 'ignore'
[0.151s] Level 1:colcon.colcon_core.package_identification:_identify(build) ignored
[0.151s] Level 1:colcon.colcon_core.package_identification:_identify(install) by extensions ['ignore', 'ignore_ament_install']
[0.152s] Level 1:colcon.colcon_core.package_identification:_identify(install) by extension 'ignore'
[0.152s] Level 1:colcon.colcon_core.package_identification:_identify(install) ignored
[0.152s] Level 1:colcon.colcon_core.package_identification:_identify(log) by extensions ['ignore', 'ignore_ament_install']
[0.152s] Level 1:colcon.colcon_core.package_identification:_identify(log) by extension 'ignore'
[0.152s] Level 1:colcon.colcon_core.package_identification:_identify(log) ignored
[0.152s] Level 1:colcon.colcon_core.package_identification:_identify(src) by extensions ['ignore', 'ignore_ament_install']
[0.152s] Level 1:colcon.colcon_core.package_identification:_identify(src) by extension 'ignore'
[0.152s] Level 1:colcon.colcon_core.package_identification:_identify(src) by extension 'ignore_ament_install'
[0.152s] Level 1:colcon.colcon_core.package_identification:_identify(src) by extensions ['colcon_pkg']
[0.152s] Level 1:colcon.colcon_core.package_identification:_identify(src) by extension 'colcon_pkg'
[0.152s] Level 1:colcon.colcon_core.package_identification:_identify(src) by extensions ['colcon_meta']
[0.152s] Level 1:colcon.colcon_core.package_identification:_identify(src) by extension 'colcon_meta'
[0.152s] Level 1:colcon.colcon_core.package_identification:_identify(src) by extensions ['ros']
[0.152s] Level 1:colcon.colcon_core.package_identification:_identify(src) by extension 'ros'
[0.152s] Level 1:colcon.colcon_core.package_identification:_identify(src) by extensions ['cmake', 'python']
[0.152s] Level 1:colcon.colcon_core.package_identification:_identify(src) by extension 'cmake'
[0.152s] Level 1:colcon.colcon_core.package_identification:_identify(src) by extension 'python'
[0.152s] Level 1:colcon.colcon_core.package_identification:_identify(src) by extensions ['python_setup_py']
[0.152s] Level 1:colcon.colcon_core.package_identification:_identify(src) by extension 'python_setup_py'
[0.152s] Level 1:colcon.colcon_core.package_identification:_identify(src/floor_cleaner) by extensions ['ignore', 'ignore_ament_install']
[0.152s] Level 1:colcon.colcon_core.package_identification:_identify(src/floor_cleaner) by extension 'ignore'
[0.152s] Level 1:colcon.colcon_core.package_identification:_identify(src/floor_cleaner) by extension 'ignore_ament_install'
[0.152s] Level 1:colcon.colcon_core.package_identification:_identify(src/floor_cleaner) by extensions ['colcon_pkg']
[0.152s] Level 1:colcon.colcon_core.package_identification:_identify(src/floor_cleaner) by extension 'colcon_pkg'
[0.152s] Level 1:colcon.colcon_core.package_identification:_identify(src/floor_cleaner) by extensions ['colcon_meta']
[0.152s] Level 1:colcon.colcon_core.package_identification:_identify(src/floor_cleaner) by extension 'colcon_meta'
[0.153s] Level 1:colcon.colcon_core.package_identification:_identify(src/floor_cleaner) by extensions ['ros']
[0.153s] Level 1:colcon.colcon_core.package_identification:_identify(src/floor_cleaner) by extension 'ros'
[0.154s] DEBUG:colcon.colcon_core.package_identification:Package 'src/floor_cleaner' with type 'ros.ament_python' and name 'floor_cleaner'
[0.154s] Level 1:colcon.colcon_core.package_discovery:discover_packages(recursive) using defaults
[0.154s] Level 1:colcon.colcon_core.package_discovery:discover_packages(ignore) discover
[0.154s] Level 1:colcon.colcon_core.package_discovery:discover_packages(ignore) using defaults
[0.154s] Level 1:colcon.colcon_core.package_discovery:discover_packages(path) discover
[0.154s] Level 1:colcon.colcon_core.package_discovery:discover_packages(path) using defaults
[0.164s] Level 1:colcon.colcon_core.package_discovery:discover_packages(prefix_path) check parameters
[0.164s] Level 1:colcon.colcon_core.package_discovery:discover_packages(prefix_path) discover
[0.165s] DEBUG:colcon.colcon_installed_package_information.package_discovery:Found 1 installed packages in /home/debarghya/floor_cleaner_ws/install
[0.166s] DEBUG:colcon.colcon_installed_package_information.package_discovery:Found 319 installed packages in /opt/ros/humble
[0.172s] Level 1:colcon.colcon_core.package_discovery:discover_packages(prefix_path) using defaults
[0.191s] Level 5:colcon.colcon_core.verb:set package 'floor_cleaner' build argument 'cmake_args' from command line to 'None'
[0.191s] Level 5:colcon.colcon_core.verb:set package 'floor_cleaner' build argument 'cmake_target' from command line to 'None'
[0.191s] Level 5:colcon.colcon_core.verb:set package 'floor_cleaner' build argument 'cmake_target_skip_unavailable' from command line to 'False'
[0.191s] Level 5:colcon.colcon_core.verb:set package 'floor_cleaner' build argument 'cmake_clean_cache' from command line to 'False'
[0.191s] Level 5:colcon.colcon_core.verb:set package 'floor_cleaner' build argument 'cmake_clean_first' from command line to 'False'
[0.191s] Level 5:colcon.colcon_core.verb:set package 'floor_cleaner' build argument 'cmake_force_configure' from command line to 'False'
[0.191s] Level 5:colcon.colcon_core.verb:set package 'floor_cleaner' build argument 'ament_cmake_args' from command line to 'None'
[0.191s] Level 5:colcon.colcon_core.verb:set package 'floor_cleaner' build argument 'catkin_cmake_args' from command line to 'None'
[0.191s] Level 5:colcon.colcon_core.verb:set package 'floor_cleaner' build argument 'catkin_skip_building_tests' from command line to 'False'
[0.191s] DEBUG:colcon.colcon_core.verb:Building package 'floor_cleaner' with the following arguments: {'ament_cmake_args': None, 'build_base': '/home/debarghya/floor_cleaner_ws/build/floor_cleaner', 'catkin_cmake_args': None, 'catkin_skip_building_tests': False, 'cmake_args': None, 'cmake_clean_cache': False, 'cmake_clean_first': False, 'cmake_force_configure': False, 'cmake_target': None, 'cmake_target_skip_unavailable': False, 'install_base': '/home/debarghya/floor_cleaner_ws/install/floor_cleaner', 'merge_install': False, 'path': '/home/debarghya/floor_cleaner_ws/src/floor_cleaner', 'symlink_install': True, 'test_result_base': None}
[0.191s] INFO:colcon.colcon_core.executor:Executing jobs using 'parallel' executor
[0.191s] DEBUG:colcon.colcon_parallel_executor.executor.parallel:run_until_complete
[0.192s] INFO:colcon.colcon_ros.task.ament_python.build:Building ROS package in '/home/debarghya/floor_cleaner_ws/src/floor_cleaner' with build type 'ament_python'
[0.192s] Level 1:colcon.colcon_core.shell:create_environment_hook('floor_cleaner', 'ament_prefix_path')
[0.193s] INFO:colcon.colcon_core.plugin_system:Skipping extension 'colcon_core.shell.bat': Not used on non-Windows systems
[0.193s] INFO:colcon.colcon_core.shell:Creating environment hook '/home/debarghya/floor_cleaner_ws/install/floor_cleaner/share/floor_cleaner/hook/ament_prefix_path.ps1'
[0.194s] INFO:colcon.colcon_core.shell:Creating environment descriptor '/home/debarghya/floor_cleaner_ws/install/floor_cleaner/share/floor_cleaner/hook/ament_prefix_path.dsv'
[0.194s] INFO:colcon.colcon_core.shell:Creating environment hook '/home/debarghya/floor_cleaner_ws/install/floor_cleaner/share/floor_cleaner/hook/ament_prefix_path.sh'
[0.194s] INFO:colcon.colcon_core.shell:Skip shell extension 'powershell' for command environment: Not usable outside of PowerShell
[0.194s] DEBUG:colcon.colcon_core.shell:Skip shell extension 'dsv' for command environment
[0.313s] INFO:colcon.colcon_core.task.python.build:Building Python package in '/home/debarghya/floor_cleaner_ws/src/floor_cleaner'
[0.313s] INFO:colcon.colcon_core.shell:Skip shell extension 'powershell' for command environment: Not usable outside of PowerShell
[0.313s] DEBUG:colcon.colcon_core.shell:Skip shell extension 'dsv' for command environment
[0.479s] DEBUG:colcon.colcon_core.task.python.build:Available setuptools commands: build_clib, install_egg_info, alias, install_data, build_ext, install_scripts, init_catalog, compile_catalog, saveopts, bdist_dumb, upload, egg_info, rotate, build_scripts, extract_messages, dist_info, clean, sdist, bdist_egg, test, upload_docs, update_catalog, easy_install, register, install, install_headers, build_py, develop, bdist_rpm, install_lib, check, symlink_data, setopt, bdist, build
[0.613s] DEBUG:colcon.colcon_core.task.python.build:Available setuptools 'develop' options: --uninstall, --site-dirs, --always-copy, --dry-run, --find-links, --zip-ok, --script-dir, --verbose, --optimize, --install-dir, --quiet, --user, --no-user-cfg, --index-url, --multi-version, --record, --local-snapshots-ok, --help, --build-directory, --no-deps, --force-installation-into-system-dir, --egg-path, --allow-hosts, --exclude-scripts, --prefix, --version, --editable, --upgrade, --no-find-links, --install-layout, --always-unzip
[0.615s] DEBUG:colcon.colcon_core.event_handler.log_command:Invoking command in '/home/debarghya/floor_cleaner_ws/build/floor_cleaner': PYTHONPATH=/home/debarghya/floor_cleaner_ws/build/floor_cleaner/prefix_override:/usr/lib/python3/dist-packages/colcon_core/task/python/colcon_distutils_commands:/home/debarghya/floor_cleaner_ws/install/floor_cleaner/lib/python3.10/site-packages:${PYTHONPATH} /usr/bin/python3 -W ignore:setup.py install is deprecated -W ignore:easy_install command is deprecated setup.py develop --editable --build-directory /home/debarghya/floor_cleaner_ws/build/floor_cleaner/build --no-deps symlink_data
[0.814s] Level 1:colcon.colcon_core.shell:create_environment_hook('floor_cleaner', 'pythonpath_develop')
[0.815s] INFO:colcon.colcon_core.shell:Creating environment hook '/home/debarghya/floor_cleaner_ws/build/floor_cleaner/share/floor_cleaner/hook/pythonpath_develop.ps1'
[0.815s] DEBUG:colcon.colcon_core.event_handler.log_command:Invoked command in '/home/debarghya/floor_cleaner_ws/build/floor_cleaner' returned '0': PYTHONPATH=/home/debarghya/floor_cleaner_ws/build/floor_cleaner/prefix_override:/usr/lib/python3/dist-packages/colcon_core/task/python/colcon_distutils_commands:/home/debarghya/floor_cleaner_ws/install/floor_cleaner/lib/python3.10/site-packages:${PYTHONPATH} /usr/bin/python3 -W ignore:setup.py install is deprecated -W ignore:easy_install command is deprecated setup.py develop --editable --build-directory /home/debarghya/floor_cleaner_ws/build/floor_cleaner/build --no-deps symlink_data
[0.815s] INFO:colcon.colcon_core.shell:Creating environment descriptor '/home/debarghya/floor_cleaner_ws/build/floor_cleaner/share/floor_cleaner/hook/pythonpath_develop.dsv'
[0.815s] INFO:colcon.colcon_core.shell:Creating environment hook '/home/debarghya/floor_cleaner_ws/build/floor_cleaner/share/floor_cleaner/hook/pythonpath_develop.sh'
[0.817s] Level 1:colcon.colcon_core.environment:checking '/home/debarghya/floor_cleaner_ws/install/floor_cleaner' for CMake module files
[0.817s] Level 1:colcon.colcon_core.environment:checking '/home/debarghya/floor_cleaner_ws/install/floor_cleaner' for CMake config files
[0.817s] Level 1:colcon.colcon_core.environment:checking '/home/debarghya/floor_cleaner_ws/install/floor_cleaner/lib'
[0.817s] Level 1:colcon.colcon_core.environment:checking '/home/debarghya/floor_cleaner_ws/install/floor_cleaner/bin'
[0.817s] Level 1:colcon.colcon_core.environment:checking '/home/debarghya/floor_cleaner_ws/install/floor_cleaner/lib/pkgconfig/floor_cleaner.pc'
[0.817s] Level 1:colcon.colcon_core.environment:checking '/home/debarghya/floor_cleaner_ws/install/floor_cleaner/lib/python3.10/site-packages'
[0.818s] Level 1:colcon.colcon_core.shell:create_environment_hook('floor_cleaner', 'pythonpath')
[0.818s] INFO:colcon.colcon_core.shell:Creating environment hook '/home/debarghya/floor_cleaner_ws/install/floor_cleaner/share/floor_cleaner/hook/pythonpath.ps1'
[0.818s] INFO:colcon.colcon_core.shell:Creating environment descriptor '/home/debarghya/floor_cleaner_ws/install/floor_cleaner/share/floor_cleaner/hook/pythonpath.dsv'
[0.818s] INFO:colcon.colcon_core.shell:Creating environment hook '/home/debarghya/floor_cleaner_ws/install/floor_cleaner/share/floor_cleaner/hook/pythonpath.sh'
[0.819s] Level 1:colcon.colcon_core.environment:checking '/home/debarghya/floor_cleaner_ws/install/floor_cleaner/bin'
[0.819s] Level 1:colcon.colcon_core.environment:create_environment_scripts_only(floor_cleaner)
[0.819s] INFO:colcon.colcon_core.shell:Creating package script '/home/debarghya/floor_cleaner_ws/install/floor_cleaner/share/floor_cleaner/package.ps1'
[0.820s] INFO:colcon.colcon_core.shell:Creating package descriptor '/home/debarghya/floor_cleaner_ws/install/floor_cleaner/share/floor_cleaner/package.dsv'
[0.820s] INFO:colcon.colcon_core.shell:Creating package script '/home/debarghya/floor_cleaner_ws/install/floor_cleaner/share/floor_cleaner/package.sh'
[0.820s] INFO:colcon.colcon_core.shell:Creating package script '/home/debarghya/floor_cleaner_ws/install/floor_cleaner/share/floor_cleaner/package.bash'
[0.821s] INFO:colcon.colcon_core.shell:Creating package script '/home/debarghya/floor_cleaner_ws/install/floor_cleaner/share/floor_cleaner/package.zsh'
[0.821s] Level 1:colcon.colcon_core.environment:create_file_with_runtime_dependencies(/home/debarghya/floor_cleaner_ws/install/floor_cleaner/share/colcon-core/packages/floor_cleaner)
[0.821s] DEBUG:colcon.colcon_parallel_executor.executor.parallel:closing loop
[0.822s] DEBUG:colcon.colcon_parallel_executor.executor.parallel:loop closed
[0.822s] DEBUG:colcon.colcon_parallel_executor.executor.parallel:run_until_complete finished with '0'
[0.822s] DEBUG:colcon.colcon_core.event_reactor:joining thread
[0.834s] INFO:colcon.colcon_core.plugin_system:Skipping extension 'colcon_notification.desktop_notification.notify_send': Could not find 'notify-send'
[0.834s] INFO:colcon.colcon_core.plugin_system:Skipping extension 'colcon_notification.desktop_notification.terminal_notifier': Not used on non-Darwin systems
[0.835s] INFO:colcon.colcon_core.plugin_system:Skipping extension 'colcon_notification.desktop_notification.win32': Not used on non-Windows systems
[0.835s] INFO:colcon.colcon_notification.desktop_notification:Sending desktop notification using 'notify2'
[0.835s] DEBUG:colcon.colcon_notification.desktop_notification.notify2:Failed to initialize notify2: org.freedesktop.DBus.Error.FileNotFound: Failed to connect to socket /run/user/1000/bus: No such file or directory
[0.835s] DEBUG:colcon.colcon_core.event_reactor:joined thread
[0.835s] INFO:colcon.colcon_core.shell:Creating prefix script '/home/debarghya/floor_cleaner_ws/install/local_setup.ps1'
[0.836s] INFO:colcon.colcon_core.shell:Creating prefix util module '/home/debarghya/floor_cleaner_ws/install/_local_setup_util_ps1.py'
[0.836s] INFO:colcon.colcon_core.shell:Creating prefix chain script '/home/debarghya/floor_cleaner_ws/install/setup.ps1'
[0.837s] INFO:colcon.colcon_core.shell:Creating prefix script '/home/debarghya/floor_cleaner_ws/install/local_setup.sh'
[0.837s] INFO:colcon.colcon_core.shell:Creating prefix util module '/home/debarghya/floor_cleaner_ws/install/_local_setup_util_sh.py'
[0.838s] INFO:colcon.colcon_core.shell:Creating prefix chain script '/home/debarghya/floor_cleaner_ws/install/setup.sh'
[0.838s] INFO:colcon.colcon_core.shell:Creating prefix script '/home/debarghya/floor_cleaner_ws/install/local_setup.bash'
[0.838s] INFO:colcon.colcon_core.shell:Creating prefix chain script '/home/debarghya/floor_cleaner_ws/install/setup.bash'
[0.839s] INFO:colcon.colcon_core.shell:Creating prefix script '/home/debarghya/floor_cleaner_ws/install/local_setup.zsh'
[0.839s] INFO:colcon.colcon_core.shell:Creating prefix chain script '/home/debarghya/floor_cleaner_ws/install/setup.zsh'
