[0.154s] DEBUG:colcon:Command line arguments: ['/usr/bin/colcon', 'build', '--symlink-install']
[0.154s] DEBUG:colcon:Parsed command line arguments: Namespace(log_base=None, log_level=None, verb_name='build', build_base='build', install_base='install', merge_install=False, symlink_install=True, test_result_base=None, continue_on_error=False, executor='parallel', parallel_workers=20, event_handlers=None, ignore_user_meta=False, metas=['./colcon.meta'], base_paths=['.'], packages_ignore=None, packages_ignore_regex=None, paths=None, packages_up_to=None, packages_up_to_regex=None, packages_above=None, packages_above_and_dependencies=None, packages_above_depth=None, packages_select_by_dep=None, packages_skip_by_dep=None, packages_skip_up_to=None, packages_select_build_failed=False, packages_skip_build_finished=False, packages_select_test_failures=False, packages_skip_test_passed=False, packages_select=None, packages_skip=None, packages_select_regex=None, packages_skip_regex=None, packages_start=None, packages_end=None, allow_overriding=[], cmake_args=None, cmake_target=None, cmake_target_skip_unavailable=False, cmake_clean_cache=False, cmake_clean_first=False, cmake_force_configure=False, ament_cmake_args=None, catkin_cmake_args=None, catkin_skip_building_tests=False, verb_parser=<colcon_defaults.argument_parser.defaults.DefaultArgumentsDecorator object at 0x7ef188217460>, verb_extension=<colcon_core.verb.build.BuildVerb object at 0x7ef1883c8af0>, main=<bound method BuildVerb.main of <colcon_core.verb.build.BuildVerb object at 0x7ef1883c8af0>>)
[0.442s] Level 1:colcon.colcon_core.package_discovery:discover_packages(colcon_meta) check parameters
[0.442s] Level 1:colcon.colcon_core.package_discovery:discover_packages(recursive) check parameters
[0.442s] Level 1:colcon.colcon_core.package_discovery:discover_packages(ignore) check parameters
[0.442s] Level 1:colcon.colcon_core.package_discovery:discover_packages(path) check parameters
[0.442s] Level 1:colcon.colcon_core.package_discovery:discover_packages(colcon_meta) discover
[0.442s] Level 1:colcon.colcon_core.package_discovery:discover_packages(recursive) discover
[0.442s] INFO:colcon.colcon_core.package_discovery:Crawling recursively for packages in '/home/debarghya/floor_cleaner_ws/floor_cleaner_ws'
[0.442s] Level 1:colcon.colcon_core.package_identification:_identify(.) by extensions ['ignore', 'ignore_ament_install']
[0.442s] Level 1:colcon.colcon_core.package_identification:_identify(.) by extension 'ignore'
[0.442s] Level 1:colcon.colcon_core.package_identification:_identify(.) by extension 'ignore_ament_install'
[0.442s] Level 1:colcon.colcon_core.package_identification:_identify(.) by extensions ['colcon_pkg']
[0.442s] Level 1:colcon.colcon_core.package_identification:_identify(.) by extension 'colcon_pkg'
[0.442s] Level 1:colcon.colcon_core.package_identification:_identify(.) by extensions ['colcon_meta']
[0.442s] Level 1:colcon.colcon_core.package_identification:_identify(.) by extension 'colcon_meta'
[0.442s] Level 1:colcon.colcon_core.package_identification:_identify(.) by extensions ['ros']
[0.442s] Level 1:colcon.colcon_core.package_identification:_identify(.) by extension 'ros'
[0.452s] Level 1:colcon.colcon_core.package_identification:_identify(.) by extensions ['cmake', 'python']
[0.452s] Level 1:colcon.colcon_core.package_identification:_identify(.) by extension 'cmake'
[0.452s] Level 1:colcon.colcon_core.package_identification:_identify(.) by extension 'python'
[0.452s] Level 1:colcon.colcon_core.package_identification:_identify(.) by extensions ['python_setup_py']
[0.452s] Level 1:colcon.colcon_core.package_identification:_identify(.) by extension 'python_setup_py'
[0.452s] Level 1:colcon.colcon_core.package_identification:_identify(build) by extensions ['ignore', 'ignore_ament_install']
[0.452s] Level 1:colcon.colcon_core.package_identification:_identify(build) by extension 'ignore'
[0.452s] Level 1:colcon.colcon_core.package_identification:_identify(build) ignored
[0.452s] Level 1:colcon.colcon_core.package_identification:_identify(install) by extensions ['ignore', 'ignore_ament_install']
[0.452s] Level 1:colcon.colcon_core.package_identification:_identify(install) by extension 'ignore'
[0.452s] Level 1:colcon.colcon_core.package_identification:_identify(install) ignored
[0.452s] Level 1:colcon.colcon_core.package_identification:_identify(log) by extensions ['ignore', 'ignore_ament_install']
[0.452s] Level 1:colcon.colcon_core.package_identification:_identify(log) by extension 'ignore'
[0.452s] Level 1:colcon.colcon_core.package_identification:_identify(log) ignored
[0.453s] Level 1:colcon.colcon_core.package_identification:_identify(src) by extensions ['ignore', 'ignore_ament_install']
[0.453s] Level 1:colcon.colcon_core.package_identification:_identify(src) by extension 'ignore'
[0.453s] Level 1:colcon.colcon_core.package_identification:_identify(src) by extension 'ignore_ament_install'
[0.453s] Level 1:colcon.colcon_core.package_identification:_identify(src) by extensions ['colcon_pkg']
[0.453s] Level 1:colcon.colcon_core.package_identification:_identify(src) by extension 'colcon_pkg'
[0.453s] Level 1:colcon.colcon_core.package_identification:_identify(src) by extensions ['colcon_meta']
[0.453s] Level 1:colcon.colcon_core.package_identification:_identify(src) by extension 'colcon_meta'
[0.453s] Level 1:colcon.colcon_core.package_identification:_identify(src) by extensions ['ros']
[0.453s] Level 1:colcon.colcon_core.package_identification:_identify(src) by extension 'ros'
[0.453s] Level 1:colcon.colcon_core.package_identification:_identify(src) by extensions ['cmake', 'python']
[0.453s] Level 1:colcon.colcon_core.package_identification:_identify(src) by extension 'cmake'
[0.453s] Level 1:colcon.colcon_core.package_identification:_identify(src) by extension 'python'
[0.453s] Level 1:colcon.colcon_core.package_identification:_identify(src) by extensions ['python_setup_py']
[0.453s] Level 1:colcon.colcon_core.package_identification:_identify(src) by extension 'python_setup_py'
[0.453s] Level 1:colcon.colcon_core.package_identification:_identify(src/floor_cleaner) by extensions ['ignore', 'ignore_ament_install']
[0.454s] Level 1:colcon.colcon_core.package_identification:_identify(src/floor_cleaner) by extension 'ignore'
[0.454s] Level 1:colcon.colcon_core.package_identification:_identify(src/floor_cleaner) by extension 'ignore_ament_install'
[0.454s] Level 1:colcon.colcon_core.package_identification:_identify(src/floor_cleaner) by extensions ['colcon_pkg']
[0.454s] Level 1:colcon.colcon_core.package_identification:_identify(src/floor_cleaner) by extension 'colcon_pkg'
[0.454s] Level 1:colcon.colcon_core.package_identification:_identify(src/floor_cleaner) by extensions ['colcon_meta']
[0.454s] Level 1:colcon.colcon_core.package_identification:_identify(src/floor_cleaner) by extension 'colcon_meta'
[0.454s] Level 1:colcon.colcon_core.package_identification:_identify(src/floor_cleaner) by extensions ['ros']
[0.454s] Level 1:colcon.colcon_core.package_identification:_identify(src/floor_cleaner) by extension 'ros'
[0.456s] DEBUG:colcon.colcon_core.package_identification:Package 'src/floor_cleaner' with type 'ros.ament_cmake' and name 'floor_cleaner'
[0.456s] Level 1:colcon.colcon_core.package_discovery:discover_packages(recursive) using defaults
[0.457s] Level 1:colcon.colcon_core.package_discovery:discover_packages(ignore) discover
[0.457s] Level 1:colcon.colcon_core.package_discovery:discover_packages(ignore) using defaults
[0.457s] Level 1:colcon.colcon_core.package_discovery:discover_packages(path) discover
[0.457s] Level 1:colcon.colcon_core.package_discovery:discover_packages(path) using defaults
[0.476s] Level 1:colcon.colcon_core.package_discovery:discover_packages(prefix_path) check parameters
[0.476s] Level 1:colcon.colcon_core.package_discovery:discover_packages(prefix_path) discover
[0.480s] DEBUG:colcon.colcon_installed_package_information.package_discovery:Found 1 installed packages in /home/debarghya/floor_cleaner_final_ws/install
[0.482s] DEBUG:colcon.colcon_installed_package_information.package_discovery:Found 326 installed packages in /opt/ros/humble
[0.488s] Level 1:colcon.colcon_core.package_discovery:discover_packages(prefix_path) using defaults
[0.588s] Level 5:colcon.colcon_core.verb:set package 'floor_cleaner' build argument 'cmake_args' from command line to 'None'
[0.589s] Level 5:colcon.colcon_core.verb:set package 'floor_cleaner' build argument 'cmake_target' from command line to 'None'
[0.589s] Level 5:colcon.colcon_core.verb:set package 'floor_cleaner' build argument 'cmake_target_skip_unavailable' from command line to 'False'
[0.589s] Level 5:colcon.colcon_core.verb:set package 'floor_cleaner' build argument 'cmake_clean_cache' from command line to 'False'
[0.589s] Level 5:colcon.colcon_core.verb:set package 'floor_cleaner' build argument 'cmake_clean_first' from command line to 'False'
[0.589s] Level 5:colcon.colcon_core.verb:set package 'floor_cleaner' build argument 'cmake_force_configure' from command line to 'False'
[0.589s] Level 5:colcon.colcon_core.verb:set package 'floor_cleaner' build argument 'ament_cmake_args' from command line to 'None'
[0.589s] Level 5:colcon.colcon_core.verb:set package 'floor_cleaner' build argument 'catkin_cmake_args' from command line to 'None'
[0.589s] Level 5:colcon.colcon_core.verb:set package 'floor_cleaner' build argument 'catkin_skip_building_tests' from command line to 'False'
[0.589s] DEBUG:colcon.colcon_core.verb:Building package 'floor_cleaner' with the following arguments: {'ament_cmake_args': None, 'build_base': '/home/debarghya/floor_cleaner_ws/floor_cleaner_ws/build/floor_cleaner', 'catkin_cmake_args': None, 'catkin_skip_building_tests': False, 'cmake_args': None, 'cmake_clean_cache': False, 'cmake_clean_first': False, 'cmake_force_configure': False, 'cmake_target': None, 'cmake_target_skip_unavailable': False, 'install_base': '/home/debarghya/floor_cleaner_ws/floor_cleaner_ws/install/floor_cleaner', 'merge_install': False, 'path': '/home/debarghya/floor_cleaner_ws/floor_cleaner_ws/src/floor_cleaner', 'symlink_install': True, 'test_result_base': None}
[0.589s] INFO:colcon.colcon_core.executor:Executing jobs using 'parallel' executor
[0.590s] DEBUG:colcon.colcon_parallel_executor.executor.parallel:run_until_complete
[0.590s] INFO:colcon.colcon_ros.task.ament_cmake.build:Building ROS package in '/home/debarghya/floor_cleaner_ws/floor_cleaner_ws/src/floor_cleaner' with build type 'ament_cmake'
[0.590s] INFO:colcon.colcon_cmake.task.cmake.build:Building CMake package in '/home/debarghya/floor_cleaner_ws/floor_cleaner_ws/src/floor_cleaner'
[0.594s] INFO:colcon.colcon_core.plugin_system:Skipping extension 'colcon_core.shell.bat': Not used on non-Windows systems
[0.595s] INFO:colcon.colcon_core.shell:Skip shell extension 'powershell' for command environment: Not usable outside of PowerShell
[0.595s] DEBUG:colcon.colcon_core.shell:Skip shell extension 'dsv' for command environment
[0.603s] DEBUG:colcon.colcon_core.event_handler.log_command:Invoking command in '/home/debarghya/floor_cleaner_ws/floor_cleaner_ws/build/floor_cleaner': CMAKE_PREFIX_PATH=${CMAKE_PREFIX_PATH}:/opt/ros/humble /usr/bin/cmake /home/debarghya/floor_cleaner_ws/floor_cleaner_ws/src/floor_cleaner -DAMENT_CMAKE_SYMLINK_INSTALL=1 -DCMAKE_INSTALL_PREFIX=/home/debarghya/floor_cleaner_ws/floor_cleaner_ws/install/floor_cleaner
[1.464s] DEBUG:colcon.colcon_core.event_handler.log_command:Invoked command in '/home/debarghya/floor_cleaner_ws/floor_cleaner_ws/build/floor_cleaner' returned '0': CMAKE_PREFIX_PATH=${CMAKE_PREFIX_PATH}:/opt/ros/humble /usr/bin/cmake /home/debarghya/floor_cleaner_ws/floor_cleaner_ws/src/floor_cleaner -DAMENT_CMAKE_SYMLINK_INSTALL=1 -DCMAKE_INSTALL_PREFIX=/home/debarghya/floor_cleaner_ws/floor_cleaner_ws/install/floor_cleaner
[1.464s] DEBUG:colcon.colcon_core.event_handler.log_command:Invoking command in '/home/debarghya/floor_cleaner_ws/floor_cleaner_ws/build/floor_cleaner': CMAKE_PREFIX_PATH=${CMAKE_PREFIX_PATH}:/opt/ros/humble /usr/bin/cmake --build /home/debarghya/floor_cleaner_ws/floor_cleaner_ws/build/floor_cleaner -- -j20 -l20
[1.482s] DEBUG:colcon.colcon_core.event_handler.log_command:Invoked command in '/home/debarghya/floor_cleaner_ws/floor_cleaner_ws/build/floor_cleaner' returned '0': CMAKE_PREFIX_PATH=${CMAKE_PREFIX_PATH}:/opt/ros/humble /usr/bin/cmake --build /home/debarghya/floor_cleaner_ws/floor_cleaner_ws/build/floor_cleaner -- -j20 -l20
[1.487s] DEBUG:colcon.colcon_core.event_handler.log_command:Invoking command in '/home/debarghya/floor_cleaner_ws/floor_cleaner_ws/build/floor_cleaner': CMAKE_PREFIX_PATH=${CMAKE_PREFIX_PATH}:/opt/ros/humble /usr/bin/cmake --install /home/debarghya/floor_cleaner_ws/floor_cleaner_ws/build/floor_cleaner
[1.626s] Level 1:colcon.colcon_core.environment:create_environment_scripts_only(floor_cleaner)
[1.626s] DEBUG:colcon.colcon_core.event_handler.log_command:Invoked command in '/home/debarghya/floor_cleaner_ws/floor_cleaner_ws/build/floor_cleaner' returned '0': CMAKE_PREFIX_PATH=${CMAKE_PREFIX_PATH}:/opt/ros/humble /usr/bin/cmake --install /home/debarghya/floor_cleaner_ws/floor_cleaner_ws/build/floor_cleaner
[1.632s] Level 1:colcon.colcon_core.environment:checking '/home/debarghya/floor_cleaner_ws/floor_cleaner_ws/install/floor_cleaner' for CMake module files
[1.632s] Level 1:colcon.colcon_core.environment:checking '/home/debarghya/floor_cleaner_ws/floor_cleaner_ws/install/floor_cleaner' for CMake config files
[1.632s] Level 1:colcon.colcon_core.shell:create_environment_hook('floor_cleaner', 'cmake_prefix_path')
[1.632s] INFO:colcon.colcon_core.shell:Creating environment hook '/home/debarghya/floor_cleaner_ws/floor_cleaner_ws/install/floor_cleaner/share/floor_cleaner/hook/cmake_prefix_path.ps1'
[1.633s] INFO:colcon.colcon_core.shell:Creating environment descriptor '/home/debarghya/floor_cleaner_ws/floor_cleaner_ws/install/floor_cleaner/share/floor_cleaner/hook/cmake_prefix_path.dsv'
[1.634s] INFO:colcon.colcon_core.shell:Creating environment hook '/home/debarghya/floor_cleaner_ws/floor_cleaner_ws/install/floor_cleaner/share/floor_cleaner/hook/cmake_prefix_path.sh'
[1.634s] Level 1:colcon.colcon_core.environment:checking '/home/debarghya/floor_cleaner_ws/floor_cleaner_ws/install/floor_cleaner/lib'
[1.634s] Level 1:colcon.colcon_core.environment:checking '/home/debarghya/floor_cleaner_ws/floor_cleaner_ws/install/floor_cleaner/bin'
[1.634s] Level 1:colcon.colcon_core.environment:checking '/home/debarghya/floor_cleaner_ws/floor_cleaner_ws/install/floor_cleaner/lib/pkgconfig/floor_cleaner.pc'
[1.635s] Level 1:colcon.colcon_core.environment:checking '/home/debarghya/floor_cleaner_ws/floor_cleaner_ws/install/floor_cleaner/lib/python3.10/site-packages'
[1.635s] Level 1:colcon.colcon_core.environment:checking '/home/debarghya/floor_cleaner_ws/floor_cleaner_ws/install/floor_cleaner/bin'
[1.635s] INFO:colcon.colcon_core.shell:Creating package script '/home/debarghya/floor_cleaner_ws/floor_cleaner_ws/install/floor_cleaner/share/floor_cleaner/package.ps1'
[1.636s] INFO:colcon.colcon_core.shell:Creating package descriptor '/home/debarghya/floor_cleaner_ws/floor_cleaner_ws/install/floor_cleaner/share/floor_cleaner/package.dsv'
[1.636s] INFO:colcon.colcon_core.shell:Creating package script '/home/debarghya/floor_cleaner_ws/floor_cleaner_ws/install/floor_cleaner/share/floor_cleaner/package.sh'
[1.637s] INFO:colcon.colcon_core.shell:Creating package script '/home/debarghya/floor_cleaner_ws/floor_cleaner_ws/install/floor_cleaner/share/floor_cleaner/package.bash'
[1.637s] INFO:colcon.colcon_core.shell:Creating package script '/home/debarghya/floor_cleaner_ws/floor_cleaner_ws/install/floor_cleaner/share/floor_cleaner/package.zsh'
[1.639s] Level 1:colcon.colcon_core.environment:create_file_with_runtime_dependencies(/home/debarghya/floor_cleaner_ws/floor_cleaner_ws/install/floor_cleaner/share/colcon-core/packages/floor_cleaner)
[1.639s] Level 1:colcon.colcon_core.environment:create_environment_scripts_only(floor_cleaner)
[1.639s] Level 1:colcon.colcon_core.environment:checking '/home/debarghya/floor_cleaner_ws/floor_cleaner_ws/install/floor_cleaner' for CMake module files
[1.639s] Level 1:colcon.colcon_core.environment:checking '/home/debarghya/floor_cleaner_ws/floor_cleaner_ws/install/floor_cleaner' for CMake config files
[1.640s] Level 1:colcon.colcon_core.shell:create_environment_hook('floor_cleaner', 'cmake_prefix_path')
[1.640s] INFO:colcon.colcon_core.shell:Creating environment hook '/home/debarghya/floor_cleaner_ws/floor_cleaner_ws/install/floor_cleaner/share/floor_cleaner/hook/cmake_prefix_path.ps1'
[1.640s] INFO:colcon.colcon_core.shell:Creating environment descriptor '/home/debarghya/floor_cleaner_ws/floor_cleaner_ws/install/floor_cleaner/share/floor_cleaner/hook/cmake_prefix_path.dsv'
[1.640s] INFO:colcon.colcon_core.shell:Creating environment hook '/home/debarghya/floor_cleaner_ws/floor_cleaner_ws/install/floor_cleaner/share/floor_cleaner/hook/cmake_prefix_path.sh'
[1.641s] Level 1:colcon.colcon_core.environment:checking '/home/debarghya/floor_cleaner_ws/floor_cleaner_ws/install/floor_cleaner/lib'
[1.641s] Level 1:colcon.colcon_core.environment:checking '/home/debarghya/floor_cleaner_ws/floor_cleaner_ws/install/floor_cleaner/bin'
[1.641s] Level 1:colcon.colcon_core.environment:checking '/home/debarghya/floor_cleaner_ws/floor_cleaner_ws/install/floor_cleaner/lib/pkgconfig/floor_cleaner.pc'
[1.641s] Level 1:colcon.colcon_core.environment:checking '/home/debarghya/floor_cleaner_ws/floor_cleaner_ws/install/floor_cleaner/lib/python3.10/site-packages'
[1.641s] Level 1:colcon.colcon_core.environment:checking '/home/debarghya/floor_cleaner_ws/floor_cleaner_ws/install/floor_cleaner/bin'
[1.641s] INFO:colcon.colcon_core.shell:Creating package script '/home/debarghya/floor_cleaner_ws/floor_cleaner_ws/install/floor_cleaner/share/floor_cleaner/package.ps1'
[1.642s] INFO:colcon.colcon_core.shell:Creating package descriptor '/home/debarghya/floor_cleaner_ws/floor_cleaner_ws/install/floor_cleaner/share/floor_cleaner/package.dsv'
[1.642s] INFO:colcon.colcon_core.shell:Creating package script '/home/debarghya/floor_cleaner_ws/floor_cleaner_ws/install/floor_cleaner/share/floor_cleaner/package.sh'
[1.642s] INFO:colcon.colcon_core.shell:Creating package script '/home/debarghya/floor_cleaner_ws/floor_cleaner_ws/install/floor_cleaner/share/floor_cleaner/package.bash'
[1.642s] INFO:colcon.colcon_core.shell:Creating package script '/home/debarghya/floor_cleaner_ws/floor_cleaner_ws/install/floor_cleaner/share/floor_cleaner/package.zsh'
[1.642s] Level 1:colcon.colcon_core.environment:create_file_with_runtime_dependencies(/home/debarghya/floor_cleaner_ws/floor_cleaner_ws/install/floor_cleaner/share/colcon-core/packages/floor_cleaner)
[1.642s] DEBUG:colcon.colcon_parallel_executor.executor.parallel:closing loop
[1.643s] DEBUG:colcon.colcon_parallel_executor.executor.parallel:loop closed
[1.643s] DEBUG:colcon.colcon_parallel_executor.executor.parallel:run_until_complete finished with '0'
[1.643s] DEBUG:colcon.colcon_core.event_reactor:joining thread
[1.662s] INFO:colcon.colcon_core.plugin_system:Skipping extension 'colcon_notification.desktop_notification.notify_send': Could not find 'notify-send'
[1.662s] INFO:colcon.colcon_core.plugin_system:Skipping extension 'colcon_notification.desktop_notification.terminal_notifier': Not used on non-Darwin systems
[1.662s] INFO:colcon.colcon_core.plugin_system:Skipping extension 'colcon_notification.desktop_notification.win32': Not used on non-Windows systems
[1.662s] INFO:colcon.colcon_notification.desktop_notification:Sending desktop notification using 'notify2'
[1.662s] DEBUG:colcon.colcon_notification.desktop_notification.notify2:Failed to initialize notify2: org.freedesktop.DBus.Error.FileNotFound: Failed to connect to socket /run/user/1000/bus: No such file or directory
[1.662s] DEBUG:colcon.colcon_core.event_reactor:joined thread
[1.663s] INFO:colcon.colcon_core.shell:Creating prefix script '/home/debarghya/floor_cleaner_ws/floor_cleaner_ws/install/local_setup.ps1'
[1.664s] INFO:colcon.colcon_core.shell:Creating prefix util module '/home/debarghya/floor_cleaner_ws/floor_cleaner_ws/install/_local_setup_util_ps1.py'
[1.664s] INFO:colcon.colcon_core.shell:Creating prefix chain script '/home/debarghya/floor_cleaner_ws/floor_cleaner_ws/install/setup.ps1'
[1.665s] INFO:colcon.colcon_core.shell:Creating prefix script '/home/debarghya/floor_cleaner_ws/floor_cleaner_ws/install/local_setup.sh'
[1.666s] INFO:colcon.colcon_core.shell:Creating prefix util module '/home/debarghya/floor_cleaner_ws/floor_cleaner_ws/install/_local_setup_util_sh.py'
[1.666s] INFO:colcon.colcon_core.shell:Creating prefix chain script '/home/debarghya/floor_cleaner_ws/floor_cleaner_ws/install/setup.sh'
[1.667s] INFO:colcon.colcon_core.shell:Creating prefix script '/home/debarghya/floor_cleaner_ws/floor_cleaner_ws/install/local_setup.bash'
[1.668s] INFO:colcon.colcon_core.shell:Creating prefix chain script '/home/debarghya/floor_cleaner_ws/floor_cleaner_ws/install/setup.bash'
[1.668s] INFO:colcon.colcon_core.shell:Creating prefix script '/home/debarghya/floor_cleaner_ws/floor_cleaner_ws/install/local_setup.zsh'
[1.669s] INFO:colcon.colcon_core.shell:Creating prefix chain script '/home/debarghya/floor_cleaner_ws/floor_cleaner_ws/install/setup.zsh'
