[0.497s] Invoking command in '/home/debarghya/floor_cleaner_ws/build/floor_cleaner': PYTHONPATH=/home/debarghya/floor_cleaner_ws/build/floor_cleaner/prefix_override:/usr/lib/python3/dist-packages/colcon_core/task/python/colcon_distutils_commands:/home/debarghya/floor_cleaner_ws/install/floor_cleaner/lib/python3.10/site-packages: /usr/bin/python3 -W ignore:setup.py install is deprecated -W ignore:easy_install command is deprecated setup.py develop --editable --build-directory /home/debarghya/floor_cleaner_ws/build/floor_cleaner/build --no-deps symlink_data
[0.603s] running develop
[0.642s] running egg_info
[0.642s] creating floor_cleaner.egg-info
[0.642s] writing floor_cleaner.egg-info/PKG-INFO
[0.642s] writing dependency_links to floor_cleaner.egg-info/dependency_links.txt
[0.642s] writing entry points to floor_cleaner.egg-info/entry_points.txt
[0.642s] writing requirements to floor_cleaner.egg-info/requires.txt
[0.642s] writing top-level names to floor_cleaner.egg-info/top_level.txt
[0.642s] writing manifest file 'floor_cleaner.egg-info/SOURCES.txt'
[0.643s] reading manifest file 'floor_cleaner.egg-info/SOURCES.txt'
[0.644s] writing manifest file 'floor_cleaner.egg-info/SOURCES.txt'
[0.645s] running build_ext
[0.645s] Creating /home/debarghya/floor_cleaner_ws/install/floor_cleaner/lib/python3.10/site-packages/floor-cleaner.egg-link (link to .)
[0.645s] 
[0.645s] Installed /home/debarghya/floor_cleaner_ws/build/floor_cleaner
[0.645s] running symlink_data
[0.646s] creating /home/debarghya/floor_cleaner_ws/install/floor_cleaner/share/ament_index
[0.646s] creating /home/debarghya/floor_cleaner_ws/install/floor_cleaner/share/ament_index/resource_index
[0.646s] creating /home/debarghya/floor_cleaner_ws/install/floor_cleaner/share/ament_index/resource_index/packages
[0.646s] symbolically linking /home/debarghya/floor_cleaner_ws/build/floor_cleaner/resource/floor_cleaner -> /home/debarghya/floor_cleaner_ws/install/floor_cleaner/share/ament_index/resource_index/packages
[0.646s] symbolically linking /home/debarghya/floor_cleaner_ws/build/floor_cleaner/package.xml -> /home/debarghya/floor_cleaner_ws/install/floor_cleaner/share/floor_cleaner
[0.646s] creating /home/debarghya/floor_cleaner_ws/install/floor_cleaner/share/floor_cleaner/launch
[0.646s] symbolically linking /home/debarghya/floor_cleaner_ws/build/floor_cleaner/launch/robot.launch.py -> /home/debarghya/floor_cleaner_ws/install/floor_cleaner/share/floor_cleaner/launch
[0.646s] creating /home/debarghya/floor_cleaner_ws/install/floor_cleaner/share/floor_cleaner/urdf
[0.646s] symbolically linking /home/debarghya/floor_cleaner_ws/build/floor_cleaner/urdf/floor_cleaner.urdf -> /home/debarghya/floor_cleaner_ws/install/floor_cleaner/share/floor_cleaner/urdf
[0.660s] Invoked command in '/home/debarghya/floor_cleaner_ws/build/floor_cleaner' returned '0': PYTHONPATH=/home/debarghya/floor_cleaner_ws/build/floor_cleaner/prefix_override:/usr/lib/python3/dist-packages/colcon_core/task/python/colcon_distutils_commands:/home/debarghya/floor_cleaner_ws/install/floor_cleaner/lib/python3.10/site-packages: /usr/bin/python3 -W ignore:setup.py install is deprecated -W ignore:easy_install command is deprecated setup.py develop --editable --build-directory /home/debarghya/floor_cleaner_ws/build/floor_cleaner/build --no-deps symlink_data
