/home/debarghya/floor_cleaner_ws/install/floor_cleaner/lib/python3.10/site-packages/floor_cleaner/motor_bridge.py
/home/debarghya/floor_cleaner_ws/install/floor_cleaner/lib/python3.10/site-packages/floor_cleaner/__init__.py
/home/debarghya/floor_cleaner_ws/install/floor_cleaner/lib/python3.10/site-packages/floor_cleaner/fake_lidar.py
/home/debarghya/floor_cleaner_ws/install/floor_cleaner/lib/python3.10/site-packages/floor_cleaner/__pycache__/motor_bridge.cpython-310.pyc
/home/debarghya/floor_cleaner_ws/install/floor_cleaner/lib/python3.10/site-packages/floor_cleaner/__pycache__/__init__.cpython-310.pyc
/home/debarghya/floor_cleaner_ws/install/floor_cleaner/lib/python3.10/site-packages/floor_cleaner/__pycache__/fake_lidar.cpython-310.pyc
/home/debarghya/floor_cleaner_ws/install/floor_cleaner/share/ament_index/resource_index/packages/floor_cleaner
/home/debarghya/floor_cleaner_ws/install/floor_cleaner/share/floor_cleaner/package.xml
/home/debarghya/floor_cleaner_ws/install/floor_cleaner/share/floor_cleaner/launch/robot.launch.py
/home/debarghya/floor_cleaner_ws/install/floor_cleaner/share/floor_cleaner/launch/gazebo.launch.py
/home/debarghya/floor_cleaner_ws/install/floor_cleaner/share/floor_cleaner/urdf/floor_cleaner.urdf
/home/debarghya/floor_cleaner_ws/install/floor_cleaner/share/floor_cleaner/worlds/floor.world
/home/debarghya/floor_cleaner_ws/install/floor_cleaner/lib/python3.10/site-packages/floor_cleaner-0.0.0-py3.10.egg-info/entry_points.txt
/home/debarghya/floor_cleaner_ws/install/floor_cleaner/lib/python3.10/site-packages/floor_cleaner-0.0.0-py3.10.egg-info/dependency_links.txt
/home/debarghya/floor_cleaner_ws/install/floor_cleaner/lib/python3.10/site-packages/floor_cleaner-0.0.0-py3.10.egg-info/SOURCES.txt
/home/debarghya/floor_cleaner_ws/install/floor_cleaner/lib/python3.10/site-packages/floor_cleaner-0.0.0-py3.10.egg-info/top_level.txt
/home/debarghya/floor_cleaner_ws/install/floor_cleaner/lib/python3.10/site-packages/floor_cleaner-0.0.0-py3.10.egg-info/PKG-INFO
/home/debarghya/floor_cleaner_ws/install/floor_cleaner/lib/python3.10/site-packages/floor_cleaner-0.0.0-py3.10.egg-info/zip-safe
/home/debarghya/floor_cleaner_ws/install/floor_cleaner/lib/python3.10/site-packages/floor_cleaner-0.0.0-py3.10.egg-info/requires.txt
/home/debarghya/floor_cleaner_ws/install/floor_cleaner/lib/floor_cleaner/fake_lidar
/home/debarghya/floor_cleaner_ws/install/floor_cleaner/lib/floor_cleaner/motor_bridge
